<html>
<body>
<pre>
<h1>µVision Build Log</h1>
<h2>Project:</h2>
D:\project\MiniFourAxisSource\trunk\Source\Keil\Template.uvproj
Project File Date:  03/07/2016

<h2>Output:</h2>
Build target 'Template'
Clean started - Project: 'Template'
   deleting intermediate output files for target 'Template'
creating preprocessor file for system_Mini51Series.c...
compiling system_Mini51Series.c...
assembling startup_Mini51Series.s...
creating preprocessor file for sys.c...
compiling sys.c...
creating preprocessor file for uart.c...
compiling uart.c...
creating preprocessor file for retarget.c...
compiling retarget.c...
creating preprocessor file for adc.c...
compiling adc.c...
creating preprocessor file for clk.c...
compiling clk.c...
creating preprocessor file for fmc.c...
compiling fmc.c...
creating preprocessor file for gpio.c...
compiling gpio.c...
creating preprocessor file for i2c.c...
compiling i2c.c...
creating preprocessor file for pwm.c...
compiling pwm.c...
creating preprocessor file for spi.c...
compiling spi.c...
creating preprocessor file for timer.c...
compiling timer.c...
creating preprocessor file for main.c...
def.h(6): warning:  #1-D: last line of file ends without a newline
  #endif //DEF_H
main.c: 1 warning, 0 errors
compiling main.c...
def.h(6): warning:  #1-D: last line of file ends without a newline
  #endif //DEF_H
main.c: 1 warning, 0 errors
linking...
Program Size: Code=3492 RO-data=296 RW-data=16 ZI-data=608  
".\obj\template.axf" - 0 Error(s), 2 Warning(s).

*** Performing Cross-Module-Optimization:
compiling system_Mini51Series.c...
compiling sys.c...
compiling uart.c...
compiling retarget.c...
compiling adc.c...
compiling clk.c...
compiling fmc.c...
compiling gpio.c...
compiling i2c.c...
compiling pwm.c...
compiling spi.c...
compiling timer.c...
compiling main.c...
def.h(6): warning:  #1-D: last line of file ends without a newline
  #endif //DEF_H
main.c: 1 warning, 0 errors
linking...
Program Size: Code=2532 RO-data=296 RW-data=16 ZI-data=608  
compiling system_Mini51Series.c...
compiling sys.c...
compiling uart.c...
compiling retarget.c...
compiling adc.c...
compiling clk.c...
compiling fmc.c...
compiling gpio.c...
compiling i2c.c...
compiling pwm.c...
compiling spi.c...
compiling timer.c...
compiling main.c...
def.h(6): warning:  #1-D: last line of file ends without a newline
  #endif //DEF_H
main.c: 1 warning, 0 errors
linking...
Program Size: Code=2532 RO-data=296 RW-data=16 ZI-data=608  
After Build - User command #1: fromelf --bin ".\obj\template.axf" --output ".\obj\template.bin"
After Build - User command #2: fromelf --text -c ".\obj\template.axf" --output ".\obj\template.txt"
".\obj\template.axf" - 0 Error(s), 1 Warning(s).
*** Completed Cross-Module-Optimization after 3 iteration(s).
Load "D:\\project\\MiniFourAxisSource\\trunk\\Source\\Keil\\obj\\template.axf" 
Erase Done.
Programming Done.
Verify OK.
96 RW-data=16 ZI-data=608  
After Build - User command #1: fromelf --bin ".\obj\template.axf" --output ".\obj\template.bin"
After Build - User command #2: fromelf --text -c ".\obj\template.axf" --output ".\obj\template.txt"
".\obj\template.axf" - 0 Error(s), 2 Warning(s).
*** Completed Cross-Module-Optimization after 3 iteration(s).
Load "D:\\project\\MiniFourAxisSource\\trunk\\Source\\Keil\\obj\\template.axf" 
Erase Done.
Programming Done.
Verify OK.
